No_Person_0001.bmp
No_Person_0002.bmp
No_Person_0003.bmp
No_Person_0004.bmp
No_Person_0005.bmp
No_Person_0006.bmp
No_Person_0007.bmp
No_Person_0008.bmp
No_Person_0009.bmp
No_Person_0010.bmp
No_Person_0011.bmp
No_Person_0012.bmp
No_Person_0013.bmp
No_Person_0014.bmp
No_Person_0015.bmp
No_Person_0016.bmp
No_Person_0017.bmp
No_Person_0018.bmp
No_Person_0019.bmp
No_Person_0020.bmp
No_Person_0021.bmp
No_Person_0022.bmp
No_Person_0023.bmp
No_Person_0024.bmp
No_Person_0025.bmp
No_Person_0026.bmp
No_Person_0027.bmp
No_Person_0028.bmp
No_Person_0029.bmp
No_Person_0030.bmp
No_Person_0031.bmp
No_Person_0032.bmp
No_Person_0033.bmp
No_Person_0034.bmp
No_Person_0035.bmp
No_Person_0036.bmp
No_Person_0037.bmp
No_Person_0038.bmp
No_Person_0039.bmp
No_Person_0040.bmp
No_Person_0041.bmp
No_Person_0042.bmp
No_Person_0043.bmp
No_Person_0044.bmp
No_Person_0045.bmp
No_Person_0046.bmp
No_Person_0047.bmp
No_Person_0048.bmp
No_Person_0049.bmp
No_Person_0050.bmp
No_Person_0051.bmp
No_Person_0052.bmp
No_Person_0053.bmp
No_Person_0054.bmp
No_Person_0055.bmp
No_Person_0056.bmp
No_Person_0057.bmp
No_Person_0058.bmp
No_Person_0059.bmp
No_Person_0060.bmp
No_Person_0061.bmp
No_Person_0062.bmp
No_Person_0063.bmp
No_Person_0064.bmp
No_Person_0065.bmp
No_Person_0066.bmp
No_Person_0067.bmp
No_Person_0068.bmp
No_Person_0069.bmp
No_Person_0070.bmp
No_Person_0071.bmp
No_Person_0072.bmp
No_Person_0073.bmp
No_Person_0074.bmp
No_Person_0075.bmp
No_Person_0076.bmp
No_Person_0077.bmp
No_Person_0078.bmp
No_Person_0079.bmp
No_Person_0080.bmp
No_Person_0081.bmp
No_Person_0082.bmp
No_Person_0083.bmp
No_Person_0084.bmp
No_Person_0085.bmp
No_Person_0086.bmp
No_Person_0087.bmp
No_Person_0088.bmp
No_Person_0089.bmp
No_Person_0090.bmp
No_Person_0091.bmp
No_Person_0092.bmp
No_Person_0093.bmp
No_Person_0094.bmp
No_Person_0095.bmp
No_Person_0096.bmp
No_Person_0097.bmp
No_Person_0098.bmp
No_Person_0099.bmp
No_Person_0100.bmp
No_Person_0101.bmp
No_Person_0102.bmp
No_Person_0103.bmp
No_Person_0104.bmp
No_Person_0105.bmp
No_Person_0106.bmp
No_Person_0107.bmp
No_Person_0108.bmp
No_Person_0109.bmp
No_Person_0110.bmp
No_Person_0111.bmp
No_Person_0112.bmp
No_Person_0113.bmp
No_Person_0114.bmp
No_Person_0115.bmp
No_Person_0116.bmp
No_Person_0117.bmp
No_Person_0118.bmp
No_Person_0119.bmp
No_Person_0120.bmp
No_Person_0121.bmp
No_Person_0122.bmp
No_Person_0123.bmp
No_Person_0124.bmp
No_Person_0125.bmp
No_Person_0126.bmp
No_Person_0127.bmp
No_Person_0128.bmp
No_Person_0129.bmp
No_Person_0130.bmp
No_Person_0131.bmp
No_Person_0132.bmp
No_Person_0133.bmp
No_Person_0134.bmp
No_Person_0135.bmp
No_Person_0136.bmp
No_Person_0137.bmp
No_Person_0138.bmp
No_Person_0139.bmp
No_Person_0140.bmp
No_Person_0141.bmp
No_Person_0142.bmp
No_Person_0143.bmp
No_Person_0144.bmp
No_Person_0145.bmp
No_Person_0146.bmp
No_Person_0147.bmp
No_Person_0148.bmp
No_Person_0149.bmp
No_Person_0150.bmp
No_Person_0151.bmp
No_Person_0152.bmp
No_Person_0153.bmp
No_Person_0154.bmp
No_Person_0155.bmp
No_Person_0156.bmp
No_Person_0157.bmp
No_Person_0158.bmp
No_Person_0159.bmp
No_Person_0160.bmp
No_Person_0161.bmp
No_Person_0162.bmp
No_Person_0163.bmp
No_Person_0164.bmp
No_Person_0165.bmp
No_Person_0166.bmp
No_Person_0167.bmp
No_Person_0168.bmp
No_Person_0169.bmp
No_Person_0170.bmp
No_Person_0171.bmp
No_Person_0172.bmp
No_Person_0173.bmp
No_Person_0174.bmp
No_Person_0175.bmp
No_Person_0176.bmp
No_Person_0177.bmp
No_Person_0178.bmp
No_Person_0179.bmp
No_Person_0180.bmp
No_Person_0181.bmp
No_Person_0182.bmp
No_Person_0183.bmp
No_Person_0184.bmp
No_Person_0185.bmp
No_Person_0186.bmp
No_Person_0187.bmp
No_Person_0188.bmp
No_Person_0189.bmp
No_Person_0190.bmp
No_Person_0191.bmp
No_Person_0192.bmp
No_Person_0193.bmp
No_Person_0194.bmp
No_Person_0195.bmp
No_Person_0196.bmp
No_Person_0197.bmp
No_Person_0198.bmp
No_Person_0199.bmp
No_Person_0200.bmp
No_Person_0201.bmp
No_Person_0202.bmp
No_Person_0203.bmp
No_Person_0204.bmp
No_Person_0205.bmp
No_Person_0206.bmp
No_Person_0207.bmp
No_Person_0208.bmp
No_Person_0209.bmp
No_Person_0210.bmp
No_Person_0211.bmp
No_Person_0212.bmp
No_Person_0213.bmp
No_Person_0214.bmp
No_Person_0215.bmp
No_Person_0216.bmp
No_Person_0217.bmp
No_Person_0218.bmp
No_Person_0219.bmp
No_Person_0220.bmp
No_Person_0221.bmp
No_Person_0222.bmp
No_Person_0223.bmp
No_Person_0224.bmp
No_Person_0225.bmp
No_Person_0226.bmp
No_Person_0227.bmp
No_Person_0228.bmp
No_Person_0229.bmp
No_Person_0230.bmp
No_Person_0231.bmp
No_Person_0232.bmp
No_Person_0233.bmp
No_Person_0234.bmp
No_Person_0235.bmp
No_Person_0236.bmp
No_Person_0237.bmp
No_Person_0238.bmp
No_Person_0239.bmp
No_Person_0240.bmp
No_Person_0241.bmp
No_Person_0242.bmp
No_Person_0243.bmp
No_Person_0244.bmp
No_Person_0245.bmp
No_Person_0246.bmp
No_Person_0247.bmp
No_Person_0248.bmp
No_Person_0249.bmp
No_Person_0250.bmp
No_Person_0251.bmp
No_Person_0252.bmp
No_Person_0253.bmp
No_Person_0254.bmp
No_Person_0255.bmp
No_Person_0256.bmp
No_Person_0257.bmp
No_Person_0258.bmp
No_Person_0259.bmp
No_Person_0260.bmp
No_Person_0261.bmp
No_Person_0262.bmp
No_Person_0263.bmp
No_Person_0264.bmp
No_Person_0265.bmp
No_Person_0266.bmp
No_Person_0267.bmp
No_Person_0268.bmp
No_Person_0269.bmp
No_Person_0270.bmp
No_Person_0271.bmp
No_Person_0272.bmp
No_Person_0273.bmp
No_Person_0274.bmp
No_Person_0275.bmp
No_Person_0276.bmp
No_Person_0277.bmp
No_Person_0278.bmp
No_Person_0279.bmp
No_Person_0280.bmp
No_Person_0281.bmp
No_Person_0282.bmp
No_Person_0283.bmp
No_Person_0284.bmp
No_Person_0285.bmp
No_Person_0286.bmp
No_Person_0287.bmp
No_Person_0288.bmp
No_Person_0289.bmp
No_Person_0290.bmp
No_Person_0291.bmp
No_Person_0292.bmp
No_Person_0293.bmp
No_Person_0294.bmp
No_Person_0295.bmp
No_Person_0296.bmp
No_Person_0297.bmp
No_Person_0298.bmp
No_Person_0299.bmp
No_Person_0300.bmp
No_Person_0301.bmp
No_Person_0302.bmp
No_Person_0303.bmp
No_Person_0304.bmp
No_Person_0305.bmp
No_Person_0306.bmp
No_Person_0307.bmp
No_Person_0308.bmp
No_Person_0309.bmp
No_Person_0310.bmp
No_Person_0311.bmp
No_Person_0312.bmp
No_Person_0313.bmp
No_Person_0314.bmp
No_Person_0315.bmp
No_Person_0316.bmp
No_Person_0317.bmp
No_Person_0318.bmp
No_Person_0319.bmp
No_Person_0320.bmp
No_Person_0321.bmp
No_Person_0322.bmp
No_Person_0323.bmp
No_Person_0324.bmp
No_Person_0325.bmp
No_Person_0326.bmp
No_Person_0327.bmp
No_Person_0328.bmp
No_Person_0329.bmp
No_Person_0330.bmp
No_Person_0331.bmp
No_Person_0332.bmp
No_Person_0333.bmp
No_Person_0334.bmp
No_Person_0335.bmp
No_Person_0336.bmp
No_Person_0337.bmp
No_Person_0338.bmp
No_Person_0339.bmp
No_Person_0340.bmp
No_Person_0341.bmp
No_Person_0342.bmp
No_Person_0343.bmp
No_Person_0344.bmp
No_Person_0345.bmp
No_Person_0346.bmp
No_Person_0347.bmp
No_Person_0348.bmp
No_Person_0349.bmp
No_Person_0350.bmp
No_Person_0351.bmp
No_Person_0352.bmp
No_Person_0353.bmp
No_Person_0354.bmp
No_Person_0355.bmp
No_Person_0356.bmp
No_Person_0357.bmp
No_Person_0358.bmp
No_Person_0359.bmp
No_Person_0360.bmp
No_Person_0361.bmp
No_Person_0362.bmp
No_Person_0363.bmp
No_Person_0364.bmp
No_Person_0365.bmp
No_Person_0366.bmp
No_Person_0367.bmp
No_Person_0368.bmp
No_Person_0369.bmp
No_Person_0370.bmp
No_Person_0371.bmp
No_Person_0372.bmp
No_Person_0373.bmp
No_Person_0374.bmp
No_Person_0375.bmp
No_Person_0376.bmp
No_Person_0377.bmp
No_Person_0378.bmp
No_Person_0379.bmp
No_Person_0380.bmp
No_Person_0381.bmp
No_Person_0382.bmp
No_Person_0383.bmp
No_Person_0384.bmp
No_Person_0385.bmp
No_Person_0386.bmp
No_Person_0387.bmp
No_Person_0388.bmp
No_Person_0389.bmp
No_Person_0390.bmp
No_Person_0391.bmp
No_Person_0392.bmp
No_Person_0393.bmp
No_Person_0394.bmp
No_Person_0395.bmp
No_Person_0396.bmp
No_Person_0397.bmp
No_Person_0398.bmp
No_Person_0399.bmp
No_Person_0400.bmp
No_Person_0401.bmp
No_Person_0402.bmp
No_Person_0403.bmp
No_Person_0404.bmp
No_Person_0405.bmp
No_Person_0406.bmp
No_Person_0407.bmp
No_Person_0408.bmp
No_Person_0409.bmp
No_Person_0410.bmp
No_Person_0411.bmp
No_Person_0412.bmp
No_Person_0413.bmp
No_Person_0414.bmp
No_Person_0415.bmp
No_Person_0416.bmp
No_Person_0417.bmp
No_Person_0418.bmp
No_Person_0419.bmp
No_Person_0420.bmp
No_Person_0421.bmp
No_Person_0422.bmp
No_Person_0423.bmp
No_Person_0424.bmp
No_Person_0425.bmp
No_Person_0426.bmp
No_Person_0427.bmp
No_Person_0428.bmp
No_Person_0429.bmp
No_Person_0430.bmp
No_Person_0431.bmp
No_Person_0432.bmp
No_Person_0433.bmp
No_Person_0434.bmp
No_Person_0435.bmp
No_Person_0436.bmp
No_Person_0437.bmp
No_Person_0438.bmp
No_Person_0439.bmp
No_Person_0440.bmp
No_Person_0441.bmp
No_Person_0442.bmp
No_Person_0443.bmp
No_Person_0444.bmp
No_Person_0445.bmp
No_Person_0446.bmp
No_Person_0447.bmp
No_Person_0448.bmp
No_Person_0449.bmp
No_Person_0450.bmp
No_Person_0451.bmp
No_Person_0452.bmp
No_Person_0453.bmp
No_Person_0454.bmp
No_Person_0455.bmp
No_Person_0456.bmp
No_Person_0457.bmp
No_Person_0458.bmp
No_Person_0459.bmp
No_Person_0460.bmp
No_Person_0461.bmp
No_Person_0462.bmp
No_Person_0463.bmp
No_Person_0464.bmp
No_Person_0465.bmp
No_Person_0466.bmp
No_Person_0467.bmp
No_Person_0468.bmp
No_Person_0469.bmp
No_Person_0470.bmp
No_Person_0471.bmp
No_Person_0472.bmp
No_Person_0473.bmp
No_Person_0474.bmp
No_Person_0475.bmp
No_Person_0476.bmp
No_Person_0477.bmp
No_Person_0478.bmp
No_Person_0479.bmp
No_Person_0480.bmp
No_Person_0481.bmp
No_Person_0482.bmp
No_Person_0483.bmp
No_Person_0484.bmp
No_Person_0485.bmp
No_Person_0486.bmp
No_Person_0487.bmp
No_Person_0488.bmp
No_Person_0489.bmp
No_Person_0490.bmp
No_Person_0491.bmp
No_Person_0492.bmp
No_Person_0493.bmp
No_Person_0494.bmp
No_Person_0495.bmp
No_Person_0496.bmp
No_Person_0497.bmp
No_Person_0498.bmp
No_Person_0499.bmp
No_Person_0500.bmp
No_Person_0501.bmp
No_Person_0502.bmp
No_Person_0503.bmp
No_Person_0504.bmp
No_Person_0505.bmp
No_Person_0506.bmp
No_Person_0507.bmp
No_Person_0508.bmp
No_Person_0509.bmp
No_Person_0510.bmp
No_Person_0511.bmp
No_Person_0512.bmp
No_Person_0513.bmp
No_Person_0514.bmp
No_Person_0515.bmp
No_Person_0516.bmp
No_Person_0517.bmp
No_Person_0518.bmp
No_Person_0519.bmp
No_Person_0520.bmp
No_Person_0521.bmp
No_Person_0522.bmp
No_Person_0523.bmp
No_Person_0524.bmp
No_Person_0525.bmp
No_Person_0526.bmp
No_Person_0527.bmp
No_Person_0528.bmp
No_Person_0529.bmp
No_Person_0530.bmp
No_Person_0531.bmp
No_Person_0532.bmp
No_Person_0533.bmp
No_Person_0534.bmp
No_Person_0535.bmp
No_Person_0536.bmp
No_Person_0537.bmp
No_Person_0538.bmp
No_Person_0539.bmp
No_Person_0540.bmp
No_Person_0541.bmp
No_Person_0542.bmp
No_Person_0543.bmp
No_Person_0544.bmp
No_Person_0545.bmp
No_Person_0546.bmp
No_Person_0547.bmp
No_Person_0548.bmp
No_Person_0549.bmp
No_Person_0550.bmp
No_Person_0551.bmp
No_Person_0552.bmp
No_Person_0553.bmp
No_Person_0554.bmp
No_Person_0555.bmp
No_Person_0556.bmp
No_Person_0557.bmp
No_Person_0558.bmp
No_Person_0559.bmp
No_Person_0560.bmp
No_Person_0561.bmp
No_Person_0562.bmp
No_Person_0563.bmp
No_Person_0564.bmp
No_Person_0565.bmp
No_Person_0566.bmp
No_Person_0567.bmp
No_Person_0568.bmp
No_Person_0569.bmp
No_Person_0570.bmp
No_Person_0571.bmp
No_Person_0572.bmp
No_Person_0573.bmp
No_Person_0574.bmp
No_Person_0575.bmp
No_Person_0576.bmp
No_Person_0577.bmp
No_Person_0578.bmp
No_Person_0579.bmp
No_Person_0580.bmp
No_Person_0581.bmp
No_Person_0582.bmp
No_Person_0583.bmp
No_Person_0584.bmp
No_Person_0585.bmp
No_Person_0586.bmp
No_Person_0587.bmp
No_Person_0588.bmp
No_Person_0589.bmp
No_Person_0590.bmp
No_Person_0591.bmp
No_Person_0592.bmp
No_Person_0593.bmp
No_Person_0594.bmp
No_Person_0595.bmp
No_Person_0596.bmp
No_Person_0597.bmp
No_Person_0598.bmp
No_Person_0599.bmp
No_Person_0600.bmp
No_Person_0601.bmp
No_Person_0602.bmp
No_Person_0603.bmp
No_Person_0604.bmp
No_Person_0605.bmp
No_Person_0606.bmp
No_Person_0607.bmp
No_Person_0608.bmp
No_Person_0609.bmp
No_Person_0610.bmp
No_Person_0611.bmp
No_Person_0612.bmp
No_Person_0613.bmp
No_Person_0614.bmp
No_Person_0615.bmp
No_Person_0616.bmp
No_Person_0617.bmp
No_Person_0618.bmp
No_Person_0619.bmp
No_Person_0620.bmp
No_Person_0621.bmp
No_Person_0622.bmp
No_Person_0623.bmp
No_Person_0624.bmp
No_Person_0625.bmp
No_Person_0626.bmp
No_Person_0627.bmp
No_Person_0628.bmp
No_Person_0629.bmp
No_Person_0630.bmp
No_Person_0631.bmp
No_Person_0632.bmp
No_Person_0633.bmp
No_Person_0634.bmp
No_Person_0635.bmp
No_Person_0636.bmp
No_Person_0637.bmp
No_Person_0638.bmp
No_Person_0639.bmp
No_Person_0640.bmp
No_Person_0641.bmp
No_Person_0642.bmp
No_Person_0643.bmp
No_Person_0644.bmp
No_Person_0645.bmp
No_Person_0646.bmp
No_Person_0647.bmp
No_Person_0648.bmp
No_Person_0649.bmp
No_Person_0650.bmp
No_Person_0651.bmp
No_Person_0652.bmp
No_Person_0653.bmp
No_Person_0654.bmp
No_Person_0655.bmp
No_Person_0656.bmp
No_Person_0657.bmp
No_Person_0658.bmp
No_Person_0659.bmp
No_Person_0660.bmp
No_Person_0661.bmp
No_Person_0662.bmp
No_Person_0663.bmp
No_Person_0664.bmp
No_Person_0665.bmp
No_Person_0666.bmp
No_Person_0667.bmp
No_Person_0668.bmp
No_Person_0669.bmp
No_Person_0670.bmp
No_Person_0671.bmp
No_Person_0672.bmp
No_Person_0673.bmp
No_Person_0674.bmp
No_Person_0675.bmp
No_Person_0676.bmp
No_Person_0677.bmp
No_Person_0678.bmp
No_Person_0679.bmp
No_Person_0680.bmp
No_Person_0681.bmp
No_Person_0682.bmp
No_Person_0683.bmp
No_Person_0684.bmp
No_Person_0685.bmp
No_Person_0686.bmp
No_Person_0687.bmp
No_Person_0688.bmp
No_Person_0689.bmp
No_Person_0690.bmp
No_Person_0691.bmp
No_Person_0692.bmp
No_Person_0693.bmp
No_Person_0694.bmp
No_Person_0695.bmp
No_Person_0696.bmp
No_Person_0697.bmp
No_Person_0698.bmp
No_Person_0699.bmp
No_Person_0700.bmp
No_Person_0701.bmp
No_Person_0702.bmp
No_Person_0703.bmp
No_Person_0704.bmp
No_Person_0705.bmp
No_Person_0706.bmp
No_Person_0707.bmp
No_Person_0708.bmp
No_Person_0709.bmp
No_Person_0710.bmp
No_Person_0711.bmp
No_Person_0712.bmp
No_Person_0713.bmp
No_Person_0714.bmp
No_Person_0715.bmp
No_Person_0716.bmp
No_Person_0717.bmp
No_Person_0718.bmp
No_Person_0719.bmp
No_Person_0720.bmp
No_Person_0721.bmp
No_Person_0722.bmp
No_Person_0723.bmp
No_Person_0724.bmp
No_Person_0725.bmp
No_Person_0726.bmp
No_Person_0727.bmp
No_Person_0728.bmp
No_Person_0729.bmp
No_Person_0730.bmp
No_Person_0731.bmp
No_Person_0732.bmp
No_Person_0733.bmp
No_Person_0734.bmp
No_Person_0735.bmp
No_Person_0736.bmp
No_Person_0737.bmp
No_Person_0738.bmp
No_Person_0739.bmp
No_Person_0740.bmp
No_Person_0741.bmp
No_Person_0742.bmp
No_Person_0743.bmp
No_Person_0744.bmp
No_Person_0745.bmp
No_Person_0746.bmp
No_Person_0747.bmp
No_Person_0748.bmp
No_Person_0749.bmp
No_Person_0750.bmp
No_Person_0751.bmp
No_Person_0752.bmp
No_Person_0753.bmp
No_Person_0754.bmp
No_Person_0755.bmp
No_Person_0756.bmp
No_Person_0757.bmp
No_Person_0758.bmp
No_Person_0759.bmp
No_Person_0760.bmp
No_Person_0761.bmp
No_Person_0762.bmp
No_Person_0763.bmp
No_Person_0764.bmp
No_Person_0765.bmp
No_Person_0766.bmp
No_Person_0767.bmp
No_Person_0768.bmp
No_Person_0769.bmp
No_Person_0770.bmp
No_Person_0771.bmp
No_Person_0772.bmp
No_Person_0773.bmp
No_Person_0774.bmp
No_Person_0775.bmp
No_Person_0776.bmp
No_Person_0777.bmp
No_Person_0778.bmp
No_Person_0779.bmp
No_Person_0780.bmp
No_Person_0781.bmp
No_Person_0782.bmp
No_Person_0783.bmp
No_Person_0784.bmp
No_Person_0785.bmp
No_Person_0786.bmp
No_Person_0787.bmp
No_Person_0788.bmp
No_Person_0789.bmp
No_Person_0790.bmp
No_Person_0791.bmp
No_Person_0792.bmp
No_Person_0793.bmp
No_Person_0794.bmp
No_Person_0795.bmp
No_Person_0796.bmp
No_Person_0797.bmp
No_Person_0798.bmp
No_Person_0799.bmp
No_Person_0800.bmp
No_Person_0801.bmp
No_Person_0802.bmp
No_Person_0803.bmp
No_Person_0804.bmp
No_Person_0805.bmp
No_Person_0806.bmp
No_Person_0807.bmp
No_Person_0808.bmp
No_Person_0809.bmp
No_Person_0810.bmp
No_Person_0811.bmp
No_Person_0812.bmp
No_Person_0813.bmp
No_Person_0814.bmp
No_Person_0815.bmp
No_Person_0816.bmp
No_Person_0817.bmp
No_Person_0818.bmp
No_Person_0819.bmp
No_Person_0820.bmp
No_Person_0821.bmp
No_Person_0822.bmp
No_Person_0823.bmp
No_Person_0824.bmp
No_Person_0825.bmp
No_Person_0826.bmp
No_Person_0827.bmp
No_Person_0828.bmp
No_Person_0829.bmp
No_Person_0830.bmp
No_Person_0831.bmp
No_Person_0832.bmp
No_Person_0833.bmp
No_Person_0834.bmp
No_Person_0835.bmp
No_Person_0836.bmp
No_Person_0837.bmp
No_Person_0838.bmp
No_Person_0839.bmp
No_Person_0840.bmp
No_Person_0841.bmp
No_Person_0842.bmp
No_Person_0843.bmp
No_Person_0844.bmp
No_Person_0845.bmp
No_Person_0846.bmp
No_Person_0847.bmp
No_Person_0848.bmp
No_Person_0849.bmp
No_Person_0850.bmp
No_Person_0851.bmp
No_Person_0852.bmp
No_Person_0853.bmp
No_Person_0854.bmp
No_Person_0855.bmp
No_Person_0856.bmp
No_Person_0857.bmp
No_Person_0858.bmp
No_Person_0859.bmp
No_Person_0860.bmp
No_Person_0861.bmp
No_Person_0862.bmp
No_Person_0863.bmp
No_Person_0864.bmp
No_Person_0865.bmp
No_Person_0866.bmp
No_Person_0867.bmp
No_Person_0868.bmp
No_Person_0869.bmp
No_Person_0870.bmp
No_Person_0871.bmp
No_Person_0872.bmp
No_Person_0873.bmp
No_Person_0874.bmp
No_Person_0875.bmp
No_Person_0876.bmp
No_Person_0877.bmp
No_Person_0878.bmp
No_Person_0879.bmp
No_Person_0880.bmp
No_Person_0881.bmp
No_Person_0882.bmp
No_Person_0883.bmp
No_Person_0884.bmp
No_Person_0885.bmp
No_Person_0886.bmp
No_Person_0887.bmp
No_Person_0888.bmp
No_Person_0889.bmp
No_Person_0890.bmp
No_Person_0891.bmp
No_Person_0892.bmp
No_Person_0893.bmp
No_Person_0894.bmp
No_Person_0895.bmp
No_Person_0896.bmp
No_Person_0897.bmp
No_Person_0898.bmp
No_Person_0899.bmp
No_Person_0900.bmp
No_Person_0901.bmp
No_Person_0902.bmp
No_Person_0903.bmp
No_Person_0904.bmp
No_Person_0905.bmp
No_Person_0906.bmp
No_Person_0907.bmp
No_Person_0908.bmp
No_Person_0909.bmp
No_Person_0910.bmp
No_Person_0911.bmp
No_Person_0912.bmp
No_Person_0913.bmp
No_Person_0914.bmp
No_Person_0915.bmp
No_Person_0916.bmp
No_Person_0917.bmp
No_Person_0918.bmp
No_Person_0919.bmp
No_Person_0920.bmp
No_Person_0921.bmp
No_Person_0922.bmp
No_Person_0923.bmp
No_Person_0924.bmp
No_Person_0925.bmp
No_Person_0926.bmp
No_Person_0927.bmp
No_Person_0928.bmp
No_Person_0929.bmp
No_Person_0930.bmp
No_Person_0931.bmp
No_Person_0932.bmp
No_Person_0933.bmp
No_Person_0934.bmp
No_Person_0935.bmp
No_Person_0936.bmp
No_Person_0937.bmp
No_Person_0938.bmp
No_Person_0939.bmp
No_Person_0940.bmp
No_Person_0941.bmp
No_Person_0942.bmp
No_Person_0943.bmp
No_Person_0944.bmp
No_Person_0945.bmp
No_Person_0946.bmp
No_Person_0947.bmp
No_Person_0948.bmp
No_Person_0949.bmp
No_Person_0950.bmp
No_Person_0951.bmp
No_Person_0952.bmp
No_Person_0953.bmp
No_Person_0954.bmp
No_Person_0955.bmp
No_Person_0956.bmp
No_Person_0957.bmp
No_Person_0958.bmp
No_Person_0959.bmp
No_Person_0960.bmp
No_Person_0961.bmp
No_Person_0962.bmp
No_Person_0963.bmp
No_Person_0964.bmp
No_Person_0965.bmp
No_Person_0966.bmp
No_Person_0967.bmp
No_Person_0968.bmp
No_Person_0969.bmp
No_Person_0970.bmp
No_Person_0971.bmp
No_Person_0972.bmp
No_Person_0973.bmp
No_Person_0974.bmp
No_Person_0975.bmp
No_Person_0976.bmp
No_Person_0977.bmp
No_Person_0978.bmp
No_Person_0979.bmp
No_Person_0980.bmp
No_Person_0981.bmp
No_Person_0982.bmp
No_Person_0983.bmp
No_Person_0984.bmp
No_Person_0985.bmp
No_Person_0986.bmp
No_Person_0987.bmp
No_Person_0988.bmp
No_Person_0989.bmp
No_Person_0990.bmp
No_Person_0991.bmp
No_Person_0992.bmp
No_Person_0993.bmp
No_Person_0994.bmp
No_Person_0995.bmp
No_Person_0996.bmp
No_Person_0997.bmp
No_Person_0998.bmp
No_Person_0999.bmp
No_Person_1000.bmp
No_Person_1001.bmp
No_Person_1002.bmp
No_Person_1003.bmp
No_Person_1004.bmp
No_Person_1005.bmp
No_Person_1006.bmp
No_Person_1007.bmp
No_Person_1008.bmp
No_Person_1009.bmp
No_Person_1010.bmp
No_Person_1011.bmp
No_Person_1012.bmp
No_Person_1013.bmp
No_Person_1014.bmp
No_Person_1015.bmp
No_Person_1016.bmp
No_Person_1017.bmp
No_Person_1018.bmp
No_Person_1019.bmp
No_Person_1020.bmp
No_Person_1021.bmp
No_Person_1022.bmp
No_Person_1023.bmp
No_Person_1024.bmp
No_Person_1025.bmp
No_Person_1026.bmp
No_Person_1027.bmp
No_Person_1028.bmp
No_Person_1029.bmp
No_Person_1030.bmp
No_Person_1031.bmp
No_Person_1032.bmp
No_Person_1033.bmp
No_Person_1034.bmp
No_Person_1035.bmp
No_Person_1036.bmp
No_Person_1037.bmp
No_Person_1038.bmp
No_Person_1039.bmp
No_Person_1040.bmp
No_Person_1041.bmp
No_Person_1042.bmp
No_Person_1043.bmp
No_Person_1044.bmp
No_Person_1045.bmp
No_Person_1046.bmp
No_Person_1047.bmp
No_Person_1048.bmp
No_Person_1049.bmp
No_Person_1050.bmp
No_Person_1051.bmp
No_Person_1052.bmp
No_Person_1053.bmp
No_Person_1054.bmp
No_Person_1055.bmp
No_Person_1056.bmp
No_Person_1057.bmp
No_Person_1058.bmp
No_Person_1059.bmp
No_Person_1060.bmp
No_Person_1061.bmp
No_Person_1062.bmp
No_Person_1063.bmp
No_Person_1064.bmp
No_Person_1065.bmp
No_Person_1066.bmp
No_Person_1067.bmp
No_Person_1068.bmp
No_Person_1069.bmp
No_Person_1070.bmp
No_Person_1071.bmp
No_Person_1072.bmp
No_Person_1073.bmp
No_Person_1074.bmp
No_Person_1075.bmp
No_Person_1076.bmp
No_Person_1077.bmp
No_Person_1078.bmp
No_Person_1079.bmp
No_Person_1080.bmp
No_Person_1081.bmp
No_Person_1082.bmp
No_Person_1083.bmp
No_Person_1084.bmp
No_Person_1085.bmp
No_Person_1086.bmp
No_Person_1087.bmp
No_Person_1088.bmp
No_Person_1089.bmp
No_Person_1090.bmp
No_Person_1091.bmp
No_Person_1092.bmp
No_Person_1093.bmp
No_Person_1094.bmp
No_Person_1095.bmp
No_Person_1096.bmp
No_Person_1097.bmp
No_Person_1098.bmp
No_Person_1099.bmp
No_Person_1100.bmp
No_Person_1101.bmp
No_Person_1102.bmp
No_Person_1103.bmp
No_Person_1104.bmp
No_Person_1105.bmp
No_Person_1106.bmp
No_Person_1107.bmp
No_Person_1108.bmp
No_Person_1109.bmp
No_Person_1110.bmp
No_Person_1111.bmp
No_Person_1112.bmp
No_Person_1113.bmp
No_Person_1114.bmp
No_Person_1115.bmp
No_Person_1116.bmp
No_Person_1117.bmp
No_Person_1118.bmp
No_Person_1119.bmp
No_Person_1120.bmp
No_Person_1121.bmp
No_Person_1122.bmp
No_Person_1123.bmp
No_Person_1124.bmp
No_Person_1125.bmp
No_Person_1126.bmp
No_Person_1127.bmp
No_Person_1128.bmp
No_Person_1129.bmp
No_Person_1130.bmp
No_Person_1131.bmp
No_Person_1132.bmp
No_Person_1133.bmp
No_Person_1134.bmp
No_Person_1135.bmp
No_Person_1136.bmp
No_Person_1137.bmp
No_Person_1138.bmp
No_Person_1139.bmp
No_Person_1140.bmp
No_Person_1141.bmp
No_Person_1142.bmp
No_Person_1143.bmp
No_Person_1144.bmp
No_Person_1145.bmp
No_Person_1146.bmp
No_Person_1147.bmp
No_Person_1148.bmp
No_Person_1149.bmp
No_Person_1150.bmp
No_Person_1151.bmp
No_Person_1152.bmp
No_Person_1153.bmp
No_Person_1154.bmp
No_Person_1155.bmp
No_Person_1156.bmp
No_Person_1157.bmp
No_Person_1158.bmp
No_Person_1159.bmp
No_Person_1160.bmp
No_Person_1161.bmp
No_Person_1162.bmp
No_Person_1163.bmp
No_Person_1164.bmp
No_Person_1165.bmp
No_Person_1166.bmp
No_Person_1167.bmp
No_Person_1168.bmp
No_Person_1169.bmp
No_Person_1170.bmp
No_Person_1171.bmp
No_Person_1172.bmp
No_Person_1173.bmp
No_Person_1174.bmp
No_Person_1175.bmp
No_Person_1176.bmp
No_Person_1177.bmp
No_Person_1178.bmp
No_Person_1179.bmp
No_Person_1180.bmp
No_Person_1181.bmp
No_Person_1182.bmp
No_Person_1183.bmp
No_Person_1184.bmp
No_Person_1185.bmp
No_Person_1186.bmp
No_Person_1187.bmp
No_Person_1188.bmp
No_Person_1189.bmp
No_Person_1190.bmp
No_Person_1191.bmp
No_Person_1192.bmp
No_Person_1193.bmp
No_Person_1194.bmp
No_Person_1195.bmp
No_Person_1196.bmp
No_Person_1197.bmp
No_Person_1198.bmp
No_Person_1199.bmp
No_Person_1200.bmp
No_Person_1201.bmp
No_Person_1202.bmp
No_Person_1203.bmp
No_Person_1204.bmp
No_Person_1205.bmp
No_Person_1206.bmp
No_Person_1207.bmp
No_Person_1208.bmp
No_Person_1209.bmp
No_Person_1210.bmp
No_Person_1211.bmp
No_Person_1212.bmp
No_Person_1213.bmp
No_Person_1214.bmp
No_Person_1215.bmp
No_Person_1216.bmp
No_Person_1217.bmp
No_Person_1218.bmp
No_Person_1219.bmp
No_Person_1220.bmp
No_Person_1221.bmp
No_Person_1222.bmp
No_Person_1223.bmp
No_Person_1224.bmp
No_Person_1225.bmp
No_Person_1226.bmp
No_Person_1227.bmp
No_Person_1228.bmp
No_Person_1229.bmp
No_Person_1230.bmp
No_Person_1231.bmp
No_Person_1232.bmp
No_Person_1233.bmp
No_Person_1234.bmp
No_Person_1235.bmp
No_Person_1236.bmp
No_Person_1237.bmp
No_Person_1238.bmp
No_Person_1239.bmp
No_Person_1240.bmp
No_Person_1241.bmp
No_Person_1242.bmp
No_Person_1243.bmp
No_Person_1244.bmp
No_Person_1245.bmp
No_Person_1246.bmp
No_Person_1247.bmp
No_Person_1248.bmp
No_Person_1249.bmp
No_Person_1250.bmp
No_Person_1251.bmp
No_Person_1252.bmp
No_Person_1253.bmp
No_Person_1254.bmp
No_Person_1255.bmp
No_Person_1256.bmp
No_Person_1257.bmp
No_Person_1258.bmp
No_Person_1259.bmp
No_Person_1260.bmp
No_Person_1261.bmp
No_Person_1262.bmp
No_Person_1263.bmp
No_Person_1264.bmp
No_Person_1265.bmp
No_Person_1266.bmp
No_Person_1267.bmp
No_Person_1268.bmp